src/app/study/QuizClient.tsx(383,13): error TS2349: This expression is not callable.
  Type 'void' has no call signatures.
src/app/study/QuizClient.tsx(392,24): error TS2551: Property 'catch' does not exist on type 'PostgrestFilterBuilder<any, any, any, any, "increment_wrong_answer", null, "RPC">'. Did you mean 'match'?
